[2025-12-18 18:37:54,668 - INFO - yaml file: config.yaml is loaded successfully]
[2025-12-18 18:37:54,684 - INFO - created directory at : artifacts]
[2025-12-18 18:57:21,628 - INFO - yaml file: config.yaml is loaded successfully]
[2025-12-18 18:57:21,629 - INFO - created directory at : artifacts]
[2025-12-18 18:57:21,629 - INFO - Data ingestion execution started]
[2025-12-18 18:57:21,629 - INFO - Loading data from local file: r"local_data\winequality-red.csv"]
[2025-12-18 18:57:49,010 - INFO - yaml file: config.yaml is loaded successfully]
[2025-12-18 18:57:49,011 - INFO - created directory at : artifacts]
[2025-12-18 18:57:49,011 - INFO - Data ingestion execution started]
[2025-12-18 18:57:49,011 - INFO - Loading data from local file: r"local_data\winequality-red.csv"]
[2025-12-18 18:57:49,020 - INFO - Error reading CSV file from local file: [Errno 22] Invalid argument: 'r"local_data\\winequality-red.csv"']
[2025-12-18 18:59:18,183 - INFO - yaml file: config.yaml is loaded successfully]
[2025-12-18 18:59:18,184 - INFO - created directory at : artifacts]
[2025-12-18 18:59:18,184 - INFO - Data ingestion execution started]
[2025-12-18 18:59:18,184 - INFO - Loading data from local file: local_data/winequality-red.csv]
[2025-12-18 18:59:18,215 - INFO - Data ingestion process completed]
[2025-12-18 18:59:18,215 - INFO - Data Shape: (1599, 12)]
[2025-12-18 18:59:18,216 - INFO - Data cols: Index(['fixed acidity', 'volatile acidity', 'citric acid', 'residual sugar',
       'chlorides', 'free sulfur dioxide', 'total sulfur dioxide', 'density',
       'pH', 'sulphates', 'alcohol', 'quality'],
      dtype='object')]
[2025-12-18 18:59:18,221 - INFO - Df Dtypes: fixed acidity           float64
volatile acidity        float64
citric acid             float64
residual sugar          float64
chlorides               float64
free sulfur dioxide     float64
total sulfur dioxide    float64
density                 float64
pH                      float64
sulphates               float64
alcohol                 float64
quality                   int64
dtype: object]
[2025-12-18 18:59:18,264 - INFO - Data Head:    fixed acidity  volatile acidity  citric acid  residual sugar  ...    pH  sulphates  alcohol  quality
0            7.4              0.70         0.00             1.9  ...  3.51       0.56      9.4        5
1            7.8              0.88         0.00             2.6  ...  3.20       0.68      9.8        5
2            7.8              0.76         0.04             2.3  ...  3.26       0.65      9.8        5
3           11.2              0.28         0.56             1.9  ...  3.16       0.58      9.8        6
4            7.4              0.70         0.00             1.9  ...  3.51       0.56      9.4        5

[5 rows x 12 columns]]
[2025-12-18 19:01:43,010 - INFO - yaml file: config.yaml is loaded successfully]
[2025-12-18 19:01:43,011 - INFO - created directory at : artifacts]
[2025-12-18 19:01:43,011 - INFO - Data ingestion execution started]
[2025-12-18 19:01:43,011 - INFO - Loading data from local file: local_data/winequality-red.csv]
[2025-12-18 19:01:43,026 - INFO - Data ingestion process completed]
[2025-12-18 19:01:43,026 - INFO - Data Shape: (1599, 12)]
[2025-12-18 19:01:43,027 - INFO - Data cols: Index(['fixed acidity', 'volatile acidity', 'citric acid', 'residual sugar',
       'chlorides', 'free sulfur dioxide', 'total sulfur dioxide', 'density',
       'pH', 'sulphates', 'alcohol', 'quality'],
      dtype='object')]
[2025-12-18 19:01:43,028 - INFO - Df Dtypes: fixed acidity           float64
volatile acidity        float64
citric acid             float64
residual sugar          float64
chlorides               float64
free sulfur dioxide     float64
total sulfur dioxide    float64
density                 float64
pH                      float64
sulphates               float64
alcohol                 float64
quality                   int64
dtype: object]
[2025-12-18 19:01:43,053 - INFO - Data Head:    fixed acidity  volatile acidity  citric acid  residual sugar  ...    pH  sulphates  alcohol  quality
0            7.4              0.70         0.00             1.9  ...  3.51       0.56      9.4        5
1            7.8              0.88         0.00             2.6  ...  3.20       0.68      9.8        5
2            7.8              0.76         0.04             2.3  ...  3.26       0.65      9.8        5
3           11.2              0.28         0.56             1.9  ...  3.16       0.58      9.8        6
4            7.4              0.70         0.00             1.9  ...  3.51       0.56      9.4        5

[5 rows x 12 columns]]
[2025-12-18 19:04:33,453 - INFO - yaml file: config.yaml is loaded successfully]
[2025-12-18 19:04:33,454 - INFO - created directory at : artifacts]
[2025-12-18 19:04:33,454 - INFO - Data ingestion execution started]
[2025-12-18 19:04:33,454 - INFO - Loading data from local file: local_data/winequality-red.csv]
[2025-12-18 19:04:33,466 - INFO - Data ingestion process completed]
[2025-12-18 19:04:33,466 - INFO - Data Shape: (1599, 12)]
[2025-12-18 19:04:33,467 - INFO - Data cols: Index(['fixed acidity', 'volatile acidity', 'citric acid', 'residual sugar',
       'chlorides', 'free sulfur dioxide', 'total sulfur dioxide', 'density',
       'pH', 'sulphates', 'alcohol', 'quality'],
      dtype='object')]
[2025-12-18 19:04:33,468 - INFO - Df Dtypes: fixed acidity           float64
volatile acidity        float64
citric acid             float64
residual sugar          float64
chlorides               float64
free sulfur dioxide     float64
total sulfur dioxide    float64
density                 float64
pH                      float64
sulphates               float64
alcohol                 float64
quality                   int64
dtype: object]
[2025-12-18 19:04:33,489 - INFO - Data Head:    fixed acidity  volatile acidity  citric acid  residual sugar  ...    pH  sulphates  alcohol  quality
0            7.4              0.70         0.00             1.9  ...  3.51       0.56      9.4        5
1            7.8              0.88         0.00             2.6  ...  3.20       0.68      9.8        5
2            7.8              0.76         0.04             2.3  ...  3.26       0.65      9.8        5
3           11.2              0.28         0.56             1.9  ...  3.16       0.58      9.8        6
4            7.4              0.70         0.00             1.9  ...  3.51       0.56      9.4        5

[5 rows x 12 columns]]
[2025-12-18 19:05:27,277 - INFO - yaml file: config.yaml is loaded successfully]
[2025-12-18 19:05:27,279 - INFO - created directory at : artifacts]
[2025-12-18 19:05:27,279 - INFO - Data ingestion execution started]
[2025-12-18 19:05:27,279 - INFO - Loading data from local file: local_data/winequality-red.csv]
[2025-12-18 19:05:27,289 - INFO - Data ingestion process completed]
[2025-12-18 19:05:27,289 - INFO - Data Shape: (1599, 12)]
[2025-12-18 19:05:27,290 - INFO - Data cols: Index(['fixed acidity', 'volatile acidity', 'citric acid', 'residual sugar',
       'chlorides', 'free sulfur dioxide', 'total sulfur dioxide', 'density',
       'pH', 'sulphates', 'alcohol', 'quality'],
      dtype='object')]
[2025-12-18 19:05:27,291 - INFO - Df Dtypes: fixed acidity           float64
volatile acidity        float64
citric acid             float64
residual sugar          float64
chlorides               float64
free sulfur dioxide     float64
total sulfur dioxide    float64
density                 float64
pH                      float64
sulphates               float64
alcohol                 float64
quality                   int64
dtype: object]
[2025-12-18 19:05:27,316 - INFO - Data Head:    fixed acidity  volatile acidity  citric acid  residual sugar  ...    pH  sulphates  alcohol  quality
0            7.4              0.70         0.00             1.9  ...  3.51       0.56      9.4        5
1            7.8              0.88         0.00             2.6  ...  3.20       0.68      9.8        5
2            7.8              0.76         0.04             2.3  ...  3.26       0.65      9.8        5
3           11.2              0.28         0.56             1.9  ...  3.16       0.58      9.8        6
4            7.4              0.70         0.00             1.9  ...  3.51       0.56      9.4        5

[5 rows x 12 columns]]
[2025-12-18 19:06:56,948 - INFO - yaml file: config.yaml is loaded successfully]
[2025-12-18 19:06:56,950 - INFO - created directory at : artifacts]
[2025-12-18 19:06:56,950 - INFO - Data ingestion execution started]
[2025-12-18 19:06:56,950 - INFO - Loading data from local file: local_data/winequality-red.csv]
[2025-12-18 19:06:56,959 - INFO - Data ingestion process completed]
[2025-12-18 19:06:56,960 - INFO - Data Shape: (1599, 12)]
[2025-12-18 19:06:56,960 - INFO - Data cols: Index(['fixed acidity', 'volatile acidity', 'citric acid', 'residual sugar',
       'chlorides', 'free sulfur dioxide', 'total sulfur dioxide', 'density',
       'pH', 'sulphates', 'alcohol', 'quality'],
      dtype='object')]
[2025-12-18 19:06:56,962 - INFO - Df Dtypes: fixed acidity           float64
volatile acidity        float64
citric acid             float64
residual sugar          float64
chlorides               float64
free sulfur dioxide     float64
total sulfur dioxide    float64
density                 float64
pH                      float64
sulphates               float64
alcohol                 float64
quality                   int64
dtype: object]
[2025-12-18 19:06:56,979 - INFO - Data Head:    fixed acidity  volatile acidity  citric acid  residual sugar  ...    pH  sulphates  alcohol  quality
0            7.4              0.70         0.00             1.9  ...  3.51       0.56      9.4        5
1            7.8              0.88         0.00             2.6  ...  3.20       0.68      9.8        5
2            7.8              0.76         0.04             2.3  ...  3.26       0.65      9.8        5
3           11.2              0.28         0.56             1.9  ...  3.16       0.58      9.8        6
4            7.4              0.70         0.00             1.9  ...  3.51       0.56      9.4        5

[5 rows x 12 columns]]
[2025-12-18 19:07:34,119 - INFO - yaml file: config.yaml is loaded successfully]
[2025-12-18 19:07:34,120 - INFO - created directory at : artifacts]
[2025-12-18 19:07:34,120 - INFO - Data ingestion execution started]
[2025-12-18 19:07:34,120 - INFO - Loading data from local file: local_data/winequality-red.csv]
[2025-12-18 19:07:34,130 - INFO - Data ingestion process completed]
[2025-12-18 19:07:34,130 - INFO - Data Shape: (1599, 12)]
[2025-12-18 19:07:34,130 - INFO - Data cols: Index(['fixed acidity', 'volatile acidity', 'citric acid', 'residual sugar',
       'chlorides', 'free sulfur dioxide', 'total sulfur dioxide', 'density',
       'pH', 'sulphates', 'alcohol', 'quality'],
      dtype='object')]
[2025-12-18 19:07:34,132 - INFO - Df Dtypes: fixed acidity           float64
volatile acidity        float64
citric acid             float64
residual sugar          float64
chlorides               float64
free sulfur dioxide     float64
total sulfur dioxide    float64
density                 float64
pH                      float64
sulphates               float64
alcohol                 float64
quality                   int64
dtype: object]
[2025-12-18 19:07:34,153 - INFO - Data Head:    fixed acidity  volatile acidity  citric acid  residual sugar  ...    pH  sulphates  alcohol  quality
0            7.4              0.70         0.00             1.9  ...  3.51       0.56      9.4        5
1            7.8              0.88         0.00             2.6  ...  3.20       0.68      9.8        5
2            7.8              0.76         0.04             2.3  ...  3.26       0.65      9.8        5
3           11.2              0.28         0.56             1.9  ...  3.16       0.58      9.8        6
4            7.4              0.70         0.00             1.9  ...  3.51       0.56      9.4        5

[5 rows x 12 columns]]
[2025-12-18 19:07:34,153 - INFO - Error saving data: mkdir() got an unexpected keyword argument 'exist_ok']
[2025-12-18 19:07:51,301 - INFO - yaml file: config.yaml is loaded successfully]
[2025-12-18 19:07:51,302 - INFO - created directory at : artifacts]
[2025-12-18 19:07:51,303 - INFO - Data ingestion execution started]
[2025-12-18 19:07:51,303 - INFO - Loading data from local file: local_data/winequality-red.csv]
[2025-12-18 19:07:51,329 - INFO - Data ingestion process completed]
[2025-12-18 19:07:51,329 - INFO - Data Shape: (1599, 12)]
[2025-12-18 19:07:51,331 - INFO - Data cols: Index(['fixed acidity', 'volatile acidity', 'citric acid', 'residual sugar',
       'chlorides', 'free sulfur dioxide', 'total sulfur dioxide', 'density',
       'pH', 'sulphates', 'alcohol', 'quality'],
      dtype='object')]
[2025-12-18 19:07:51,332 - INFO - Df Dtypes: fixed acidity           float64
volatile acidity        float64
citric acid             float64
residual sugar          float64
chlorides               float64
free sulfur dioxide     float64
total sulfur dioxide    float64
density                 float64
pH                      float64
sulphates               float64
alcohol                 float64
quality                   int64
dtype: object]
[2025-12-18 19:07:51,379 - INFO - Data Head:    fixed acidity  volatile acidity  citric acid  residual sugar  ...    pH  sulphates  alcohol  quality
0            7.4              0.70         0.00             1.9  ...  3.51       0.56      9.4        5
1            7.8              0.88         0.00             2.6  ...  3.20       0.68      9.8        5
2            7.8              0.76         0.04             2.3  ...  3.26       0.65      9.8        5
3           11.2              0.28         0.56             1.9  ...  3.16       0.58      9.8        6
4            7.4              0.70         0.00             1.9  ...  3.51       0.56      9.4        5

[5 rows x 12 columns]]
[2025-12-18 19:07:51,382 - INFO - Saving data to artifacts/data_ingestion\winequality-red.csv]
[2025-12-18 19:07:51,426 - INFO - Data saved successfully at artifacts/data_ingestion\winequality-red.csv]
[2025-12-18 19:07:51,426 - INFO - Data saved successfully after ingestion]
